###cloud vars
variable "token" {
  type        = string
  description = "OAuth-token; https://cloud.yandex.ru/docs/iam/concepts/authorization/oauth-token"
}

variable "cloud_id" {
  type        = string
  description = "https://cloud.yandex.ru/docs/resource-manager/operations/cloud/get-id"
}

variable "folder_id" {
  type        = string
  description = "https://cloud.yandex.ru/docs/resource-manager/operations/folder/get-id"
}

variable "default_zone" {
  type        = string
  default     = "ru-central1-a"
  description = "https://cloud.yandex.ru/docs/overview/concepts/geo-scope"
}
variable "default_cidr" {
  type        = list(string)
  default     = ["10.0.1.0/24"]
  description = "https://cloud.yandex.ru/docs/vpc/operations/subnet-create"
}

variable "vpc_name" {
  type        = string
  default     = "develop"
  description = "VPC network & subnet name"
}

variable "image_family" {
  type        = string
  default     = "ubuntu-2004-lts"
}

###web vm vars
variable "vm_web_name" {
  type        = string
  default     = "netology-develop-platform-web"
}

variable "vm_web_platform_id" {
  type        = string
  default     = "standard-v1"
}

variable "vm_web_cores" {
  type        = string
  default     = "2"
}

variable "vm_web_memory" {
  type        = string
  default     = "1"
}

variable "vm_web_core_fraction" {
  type        = string
  default     = "5"
}


###ssh vars
variable "vms_ssh_root_key" {
  type        = string
  default     = "ssh-rsa AAAAB3NzaC1yc2EAAAADAQABAAABgQDNdZXX1XUJIk37TdoXdDt7gTCtF02BJVhcLu390/iys+wj5QQ1jgCrWk5r6DRvdum6E8U5F8Ddfshm7wbgGVttj2cdHMqK8DiMAUeAW1Kh2bVXiy34QMnH355AzQ/9XmGSTL2w1AdtfbtARhZIkNxT07aEvMjv4ua2C0Nw14oX5t2EEQckQzCAL1+nncoPvJwJBlmt1sVKlGuQtGD+2PnQpdM/Y6sB9ovxlMtxSUvZLXRue9HtcYI+Ctpl24zFcHThpkX2ptCuA7BrZ1Mqc2oN3heRwsFEc+zE2zyXGclMPEJ8/QqjoklPaszVg5VGpyjY1RPWfdxLYa4nTSxkhbxpD0afmS6s6O4nS2hKV6zDvtYzm8FZbpo6UoqvmIwh+klGXp02Psls1dgDG5Peem9kkEnfT2g2UZUY7vTpbKMD+Eneea0gBjZwiATuKj3EJpXGeI/sYFjR6vFH00IWzKtaAF/OgGrMope8ZDqMj2ITtRj8xVZ7lHCQGi/DEim9rj8= root@ubuntu-desktop"
  description = "ssh-keygen -t ed25519"
}
